main.c:805:13:SPI5_Write	16	static
main.c:917:13:TouchGFX_Task	8	static
main.c:224:6:SystemClock_Config	152	static
main.c:143:5:main	112	static
main.c:649:6:IOE_Init	0	static
main.c:658:6:IOE_ITConfig	0	static
main.c:670:6:IOE_Write	32	static
main.c:681:9:IOE_Read	32	static
main.c:694:10:IOE_ReadMultiple	24	static
main.c:703:6:IOE_Delay	0	static
main.c:831:6:LCD_IO_Init	8	static
main.c:841:6:LCD_IO_WriteData	16	static
main.c:857:6:LCD_IO_WriteReg	16	static
main.c:876:10:LCD_IO_ReadData	32	static
main.c:903:6:LCD_Delay	0	static
main.c:936:6:HAL_TIM_PeriodElapsedCallback	0	static
main.c:953:6:Error_Handler	0	static
