../../Middlewares/ST/touchgfx/framework/include/touchgfx/hal/HAL.hpp:124:18:virtual void touchgfx::HAL::setDisplayOrientation(touchgfx::DisplayOrientation)	0	static
../../Middlewares/ST/touchgfx/framework/include/touchgfx/hal/HAL.hpp:648:18:virtual bool touchgfx::HAL::sampleKey(uint8_t&)	0	static
../../Middlewares/ST/touchgfx/framework/include/touchgfx/hal/HAL.hpp:714:18:virtual void touchgfx::HAL::setAnimationStorage(void*)	0	static
../../Middlewares/ST/touchgfx/framework/include/touchgfx/hal/HAL.hpp:853:30:virtual touchgfx::FlashDataReader* touchgfx::HAL::getFlashDataReader() const	0	static
../../Middlewares/ST/touchgfx/framework/include/touchgfx/hal/HAL.hpp:1002:18:virtual void touchgfx::HAL::taskDelay(uint16_t)	0	static
../../Middlewares/ST/touchgfx/framework/include/touchgfx/hal/HAL.hpp:1029:22:virtual uint16_t touchgfx::HAL::getTFTCurrentLine()	0	static
../../Middlewares/ST/touchgfx/framework/include/touchgfx/hal/HAL.hpp:1040:21:virtual touchgfx::DMAType touchgfx::HAL::getDMAType()	0	static
../../Middlewares/ST/touchgfx/framework/include/touchgfx/hal/HAL.hpp:1177:18:virtual void touchgfx::HAL::InvalidateCache()	0	static
../../Middlewares/ST/touchgfx/framework/include/touchgfx/hal/HAL.hpp:1187:18:virtual void touchgfx::HAL::FlushCache()	0	static
../../TouchGFX/target/TouchGFXHAL.hpp:31:7:TouchGFXHAL::~TouchGFXHAL()	0	static
C:/TouchGFXProjects/MyApplication_1/TouchGFX/target/TouchGFXHAL.cpp:30:6:virtual void TouchGFXHAL::initialize()	0	static
C:/TouchGFXProjects/MyApplication_1/TouchGFX/target/TouchGFXHAL.cpp:41:6:virtual void TouchGFXHAL::taskEntry()	8	static
../../Middlewares/ST/touchgfx/framework/include/touchgfx/hal/HAL.hpp:616:18:virtual void touchgfx::HAL::backPorchExited()	8	static
C:/TouchGFXProjects/MyApplication_1/TouchGFX/target/TouchGFXHAL.cpp:63:11:virtual uint16_t* TouchGFXHAL::getTFTFrameBuffer() const	0	static
C:/TouchGFXProjects/MyApplication_1/TouchGFX/target/TouchGFXHAL.cpp:78:6:virtual void TouchGFXHAL::setTFTFrameBuffer(uint16_t*)	0	static
C:/TouchGFXProjects/MyApplication_1/TouchGFX/target/TouchGFXHAL.cpp:95:6:virtual void TouchGFXHAL::flushFrameBuffer(const touchgfx::Rect&)	0	static
C:/TouchGFXProjects/MyApplication_1/TouchGFX/target/TouchGFXHAL.cpp:111:6:virtual void TouchGFXHAL::configureInterrupts()	0	static
C:/TouchGFXProjects/MyApplication_1/TouchGFX/target/TouchGFXHAL.cpp:124:6:virtual void TouchGFXHAL::enableInterrupts()	0	static
C:/TouchGFXProjects/MyApplication_1/TouchGFX/target/TouchGFXHAL.cpp:137:6:virtual void TouchGFXHAL::disableInterrupts()	0	static
C:/TouchGFXProjects/MyApplication_1/TouchGFX/target/TouchGFXHAL.cpp:151:6:virtual void TouchGFXHAL::enableLCDControllerInterrupt()	0	static
../../TouchGFX/target/TouchGFXHAL.hpp:102:18:virtual void TouchGFXHAL::flushFrameBuffer()	0	static
../../TouchGFX/target/TouchGFXHAL.hpp:31:7:virtual TouchGFXHAL::~TouchGFXHAL()	8	static
../../Middlewares/ST/touchgfx/framework/include/touchgfx/hal/HAL.hpp:298:28:virtual touchgfx::BlitOperations touchgfx::HAL::getBlitCaps()	0	static
../../Middlewares/ST/touchgfx/framework/include/touchgfx/hal/HAL.hpp:1150:18:virtual void touchgfx::HAL::performDisplayOrientationChange()	8	static
../../Middlewares/ST/touchgfx/framework/include/touchgfx/hal/HAL.hpp:697:18:virtual void touchgfx::HAL::setFrameBufferStartAddresses(void*, void*, void*)	16	static
../../Middlewares/ST/touchgfx/framework/include/touchgfx/hal/HAL.hpp:156:18:virtual void touchgfx::HAL::setFrameBufferSize(uint16_t, uint16_t)	8	static
