C:/TouchGFXProjects/MyApplication_1/TouchGFX/target/generated/OSWrappers.cpp:34:6:static void touchgfx::OSWrappers::initialize()	8	static
C:/TouchGFXProjects/MyApplication_1/TouchGFX/target/generated/OSWrappers.cpp:47:6:static void touchgfx::OSWrappers::takeFrameBufferSemaphore()	8	static
C:/TouchGFXProjects/MyApplication_1/TouchGFX/target/generated/OSWrappers.cpp:56:6:static void touchgfx::OSWrappers::giveFrameBufferSemaphore()	8	static
C:/TouchGFXProjects/MyApplication_1/TouchGFX/target/generated/OSWrappers.cpp:69:6:static void touchgfx::OSWrappers::tryTakeFrameBufferSemaphore()	8	static
C:/TouchGFXProjects/MyApplication_1/TouchGFX/target/generated/OSWrappers.cpp:82:6:static void touchgfx::OSWrappers::giveFrameBufferSemaphoreFromISR()	8	static
C:/TouchGFXProjects/MyApplication_1/TouchGFX/target/generated/OSWrappers.cpp:94:6:static void touchgfx::OSWrappers::signalVSync()	0	static
C:/TouchGFXProjects/MyApplication_1/TouchGFX/target/generated/OSWrappers.cpp:108:6:static void touchgfx::OSWrappers::waitForVSync()	16	static
C:/TouchGFXProjects/MyApplication_1/TouchGFX/target/generated/OSWrappers.cpp:134:6:static void touchgfx::OSWrappers::taskDelay(uint16_t)	0	static
