Screen.hpp:104:18:virtual void touchgfx::Screen::afterTransition()	0	static
Screen.hpp:144:18:virtual void touchgfx::Screen::handleTickEvent()	0	static
Screen.hpp:154:18:virtual void touchgfx::Screen::handleKeyEvent(uint8_t)	0	static
GameOverView.hpp:10:13:GameOverView::~GameOverView()	0	static
GameOverView.cpp:14:6:virtual void GameOverView::tearDownScreen()	0	static
GameOverView.cpp:9:6:virtual void GameOverView::setupScreen()	0	static
GameOverView.hpp:10:13:virtual GameOverView::~GameOverView()	8	static
GameOverView.cpp:3:1:GameOverView::GameOverView()	8	static
