Screen.hpp:104:18:virtual void touchgfx::Screen::afterTransition()	0	static
Screen.hpp:154:18:virtual void touchgfx::Screen::handleKeyEvent(uint8_t)	0	static
MainView.hpp:12:13:MainView::~MainView()	0	static
MainView.cpp:14:6:virtual void MainView::tearDownScreen()	0	static
MainView.cpp:124:6:virtual void MainView::startGame()	0	static
MainView.cpp:9:6:virtual void MainView::setupScreen()	0	static
MainView.hpp:12:13:virtual MainView::~MainView()	8	static
Drawable.hpp:585:18:virtual void touchgfx::Drawable::moveTo(int16_t, int16_t)	4	static
MainView.cpp:23:6:virtual void MainView::rightFunction()	16	static
MainView.cpp:33:6:virtual void MainView::leftFunction()	16	static
MainView.cpp:3:1:MainView::MainView()	8	static
MainView.cpp:18:6:void MainView::updateScore(int16_t)	8	static
MainView.cpp:41:6:void MainView::moveCar(touchgfx::Image&, int16_t)	8	static
MainView.cpp:47:6:void MainView::resetCar(touchgfx::Image&)	16	static
MainView.cpp:55:6:void MainView::resetRock(touchgfx::Image&)	16	static
MainView.cpp:64:6:void MainView::updateRoad(int16_t)	16	static
MainView.cpp:77:6:virtual void MainView::handleTickEvent()	8	static
MainView.cpp:121:6:bool MainView::isTouching(int16_t, int16_t, int16_t, int16_t, int16_t, int16_t)	0	static
