../../Middlewares/ST/touchgfx/framework/include/touchgfx/Screen.hpp:104:18:virtual void touchgfx::Screen::afterTransition()	0	static
../../Middlewares/ST/touchgfx/framework/include/touchgfx/Screen.hpp:144:18:virtual void touchgfx::Screen::handleTickEvent()	0	static
../../Middlewares/ST/touchgfx/framework/include/touchgfx/Screen.hpp:154:18:virtual void touchgfx::Screen::handleKeyEvent(uint8_t)	0	static
../../TouchGFX/gui/include/gui/main_screen/MainView.hpp:11:13:MainView::~MainView()	0	static
C:/TouchGFXProjects/MyApplication_1/TouchGFX/gui/src/main_screen/MainView.cpp:13:6:virtual void MainView::tearDownScreen()	0	static
C:/TouchGFXProjects/MyApplication_1/TouchGFX/gui/src/main_screen/MainView.cpp:8:6:virtual void MainView::setupScreen()	0	static
../../TouchGFX/gui/include/gui/main_screen/MainView.hpp:11:13:virtual MainView::~MainView()	8	static
../../Middlewares/ST/touchgfx/framework/include/touchgfx/Drawable.hpp:343:10:void touchgfx::Drawable::setXY(int16_t, int16_t)	16	static
C:/TouchGFXProjects/MyApplication_1/TouchGFX/gui/src/main_screen/MainView.cpp:18:6:virtual void MainView::rightFunction()	16	static
C:/TouchGFXProjects/MyApplication_1/TouchGFX/gui/src/main_screen/MainView.cpp:29:6:virtual void MainView::leftFunction()	16	static
C:/TouchGFXProjects/MyApplication_1/TouchGFX/gui/src/main_screen/MainView.cpp:3:1:MainView::MainView()	8	static
