../../TouchGFX/gui/include/gui/start_screen/startPresenter.hpp:28:13:startPresenter::~startPresenter()	0	static
E:/20212/nhungtm/Stm32F429_Game-fe4b4407c92a8433be3207be95ea3b880694ff8f/MyApplication_1/TouchGFX/gui/src/start_screen/startPresenter.cpp:10:6:virtual void startPresenter::activate()	0	static
../../TouchGFX/gui/include/gui/start_screen/startPresenter.hpp:28:13:virtual startPresenter::~startPresenter()	8	static
../../TouchGFX/gui/include/gui/start_screen/startPresenter.hpp:28:13:virtual void* startPresenter::_ZThn4_N14startPresenterD1Ev()	0	static
E:/20212/nhungtm/Stm32F429_Game-fe4b4407c92a8433be3207be95ea3b880694ff8f/MyApplication_1/TouchGFX/gui/src/start_screen/startPresenter.cpp:4:1:startPresenter::startPresenter(startView&)	8	static
