../../Middlewares/ST/touchgfx/framework/include/touchgfx/Screen.hpp:104:18:virtual void touchgfx::Screen::afterTransition()	0	static
../../Middlewares/ST/touchgfx/framework/include/touchgfx/Screen.hpp:144:18:virtual void touchgfx::Screen::handleTickEvent()	0	static
../../Middlewares/ST/touchgfx/framework/include/touchgfx/Screen.hpp:154:18:virtual void touchgfx::Screen::handleKeyEvent(uint8_t)	0	static
../../TouchGFX/gui/include/gui/start_screen/startView.hpp:11:13:startView::~startView()	0	static
E:/20212/nhungtm/Stm32F429_Game-fe4b4407c92a8433be3207be95ea3b880694ff8f/MyApplication_1/TouchGFX/gui/src/start_screen/startView.cpp:13:6:virtual void startView::tearDownScreen()	0	static
E:/20212/nhungtm/Stm32F429_Game-fe4b4407c92a8433be3207be95ea3b880694ff8f/MyApplication_1/TouchGFX/gui/src/start_screen/startView.cpp:8:6:virtual void startView::setupScreen()	0	static
../../TouchGFX/gui/include/gui/start_screen/startView.hpp:11:13:virtual startView::~startView()	8	static
E:/20212/nhungtm/Stm32F429_Game-fe4b4407c92a8433be3207be95ea3b880694ff8f/MyApplication_1/TouchGFX/gui/src/start_screen/startView.cpp:3:1:startView::startView()	8	static
