Screen.hpp:104:18:virtual void touchgfx::Screen::afterTransition()	0	static
Screen.hpp:144:18:virtual void touchgfx::Screen::handleTickEvent()	0	static
Screen.hpp:154:18:virtual void touchgfx::Screen::handleKeyEvent(uint8_t)	0	static
startView.hpp:11:13:startView::~startView()	0	static
startView.cpp:13:6:virtual void startView::tearDownScreen()	0	static
startView.cpp:8:6:virtual void startView::setupScreen()	0	static
startView.hpp:11:13:virtual startView::~startView()	8	static
startView.cpp:3:1:startView::startView()	8	static
